// Jest Snapshot v1, https://goo.gl/fbAQLP

exports[`testing the editor testing snapshot 1`] = `
<input
  onChange={[Function]}
  value="initial value"
/>
`;
